
> harezm-web@1.0.0 build
> astro build

[2m18:15:47[22m [34m[types][39m Generated [2m61ms[22m
[2m18:15:47[22m [34m[build][39m output: [34m"static"[39m
[2m18:15:47[22m [34m[build][39m mode: [34m"static"[39m
[2m18:15:47[22m [34m[build][39m directory: [34mB:\DEV\HAREZM_EKOSISTEMI\eny.com.tr\dist\[39m
[2m18:15:47[22m [34m[build][39m Collecting build info...
[2m18:15:47[22m [34m[build][39m [32mÔ£ô Completed in 101ms.[39m
[2m18:15:47[22m [34m[build][39m Building static entrypoints...
node.exe : [31m[1m18:15:52[22m [ERROR] [vite][39m 
[31mÔ£ù[39m Build failed in 5.16s
At line:1 char:1
+ & "C:\Program Files\nodejs/node.exe" "C:\Program 
Files\nodejs/node_mo ...
+ ~~~~~~~~~~~~~~~~~~~~~~~~~~~~~~~~~~~~~~~~~~~~~~~~~~~~~~~~~~~~~~
~~~~~~~
    + CategoryInfo          : NotSpecified: ([31m[1m18:15:... 
   failed in 5.16s:String) [], RemoteException
    + FullyQualifiedErrorId : NativeCommandError
 
src/pages/lokalizasyon.astro (6:2): "Acorn" is not exported by 
"node_modules/@lucide/astro/src/lucide-astro.ts", imported by 
"src/pages/lokalizasyon.astro".
file: B:/DEV/HAREZM_EKOSISTEMI/eny.com.tr/src/pages/lokalizasyon
.astro:6:2

4: import Footer from '../components/Footer.astro';
5: import { 
6:   Acorn, 
     ^
7:   Bird, 
8:   Shell, 

  [1mLocation:[22m
    [4mB:/DEV/HAREZM_EKOSISTEMI/eny.com.tr/src/pages/lokalizasy
on.astro:6:2[24m
  [1mStack trace:[22m
[2m    at getRollupError (file:///B:/DEV/HAREZM_EKOSISTEMI/eny.
com.tr/node_modules/rollup/dist/es/shared/parseAst.js:402:41)
    at Module.error (file:///B:/DEV/HAREZM_EKOSISTEMI/eny.com.tr
/node_modules/rollup/dist/es/shared/node-entry.js:17040:16)
    at ModuleScope.findVariable (file:///B:/DEV/HAREZM_EKOSISTEM
I/eny.com.tr/node_modules/rollup/dist/es/shared/node-entry.js:15
070:39)
    at FunctionBodyScope.findVariable (file:///B:/DEV/HAREZM_EKO
SISTEMI/eny.com.tr/node_modules/rollup/dist/es/shared/node-entry
.js:5673:38)
    at FunctionBodyScope.findVariable (file:///B:/DEV/HAREZM_EKO
SISTEMI/eny.com.tr/node_modules/rollup/dist/es/shared/node-entry
.js:5673:38)[22m
