
> harezm-web@1.0.0 build
> astro build

[2m01:53:47[22m [34m[types][39m Generated [2m52ms[22m
[2m01:53:47[22m [34m[build][39m output: [34m"static"[39m
[2m01:53:47[22m [34m[build][39m mode: [34m"static"[39m
[2m01:53:47[22m [34m[build][39m directory: [34mB:\DEV\HAREZM_EKOSISTEMI\eny.com.tr\dist\[39m
[2m01:53:47[22m [34m[build][39m Collecting build info...
[2m01:53:47[22m [34m[build][39m [32mÔ£ô Completed in 94ms.[39m
[2m01:53:47[22m [34m[build][39m Building static entrypoints...
node.exe : [31m[1m01:53:52[22m [ERROR] 
[vite][39m [31mÔ£ù[39m Build failed in 
4.93s
At line:1 char:1
+ & "C:\Program Files\nodejs/node.exe" 
"C:\Program Files\nodejs/node_mo ...
+ ~~~~~~~~~~~~~~~~~~~~~~~~~~~~~~~~~~~~~~~~~~
~~~~~~~~~~~~~~~~~~~~~~~~~~~
    + CategoryInfo          : NotSpecified: 
    ([31m[1m01:53:...failed in 4.93s:Str  
  ing) [], RemoteException
    + FullyQualifiedErrorId : NativeCommand 
   Error
 
src/pages/sektorler.astro (8:2): "Acorn" is 
not exported by "node_modules/@lucide/astro/
src/lucide-astro.ts", imported by 
"src/pages/sektorler.astro".
file: B:/DEV/HAREZM_EKOSISTEMI/eny.com.tr/sr
c/pages/sektorler.astro:8:2

 6:   Clover,
 7:   Nut,
 8:   Acorn,
      ^
 9:   Fish,
10:   Bird,

  [1mLocation:[22m
    [4mB:/DEV/HAREZM_EKOSISTEMI/eny.com.tr/
src/pages/sektorler.astro:8:2[24m
  [1mStack trace:[22m
[2m    at getRollupError (file:///B:/DEV/HA
REZM_EKOSISTEMI/eny.com.tr/node_modules/roll
up/dist/es/shared/parseAst.js:402:41)
    at Module.error (file:///B:/DEV/HAREZM_E
KOSISTEMI/eny.com.tr/node_modules/rollup/dis
t/es/shared/node-entry.js:17040:16)
    at ModuleScope.findVariable (file:///B:/
DEV/HAREZM_EKOSISTEMI/eny.com.tr/node_module
s/rollup/dist/es/shared/node-entry.js:15070:
39)
    at FunctionBodyScope.findVariable (file:
///B:/DEV/HAREZM_EKOSISTEMI/eny.com.tr/node_
modules/rollup/dist/es/shared/node-entry.js:
5673:38)
    at FunctionBodyScope.findVariable (file:
///B:/DEV/HAREZM_EKOSISTEMI/eny.com.tr/node_
modules/rollup/dist/es/shared/node-entry.js:
5673:38)[22m
